{"timestamp":"2026-08-04T09:35:16.592651Z","level":"INFO","fields":{"message":"Starting Restate Server 1.7.2 (6f1c080 x86_64-unknown-linux-gnu 2026-07-06)","node_name":"fff8cbf3538b","config_source":"[default]","base_dir":"/data/fff8cbf3538b/","cpus":"12"},"target":"restate_server"}
{"timestamp":"2026-08-04T09:35:16.785474Z","level":"INFO","fields":{"message":"Server listening"},"target":"restate_core::network::net_util","span":{"server.address":"::","server.port":5122,"server_name":"message-fabric-server","uds.path":"data/fff8cbf3538b/fabric.sock","name":"server"},"spans":[{"server.address":"::","server.port":5122,"server_name":"message-fabric-server","uds.path":"data/fff8cbf3538b/fabric.sock","name":"server"}]}
{"timestamp":"2026-08-04T09:35:16.785827Z","level":"INFO","fields":{"message":"Trying to join the cluster 'localcluster'"},"target":"restate_node::init"}
{"timestamp":"2026-08-04T09:35:16.789707Z","level":"INFO","fields":{"message":"Run as member of the metadata cluster","configuration":"v1; [N1]"},"target":"restate_metadata_server::raft::server::member","span":{"member_id":"N1:9b33","name":"run"},"spans":[{"member_id":"N1:9b33","name":"run"}]}
{"timestamp":"2026-08-04T09:35:16.791406Z","level":"INFO","fields":{"message":"Won metadata cluster leadership"},"target":"restate_metadata_server::raft::server::member","span":{"member_id":"N1:9b33","name":"run"},"spans":[{"member_id":"N1:9b33","name":"run"}]}
{"timestamp":"2026-08-04T09:35:16.797066Z","level":"INFO","fields":{"message":"Cluster 'localcluster' has been automatically provisioned"},"target":"restate_node"}
{"timestamp":"2026-08-04T09:35:17.032602Z","level":"INFO","fields":{"message":"My Node ID is N1:2","node_name":"fff8cbf3538b","roles":"http-ingress | admin | worker | log-server | metadata-server","address":"http://172.17.0.2:5122/","location":"","nodes_config_version":"v2","cluster_name":"localcluster","cluster_fingerprint":"Some(ClusterFingerprint(10824977362078714999))","partition_table_version":"v1","logs_version":"v1"},"target":"restate_node"}
{"timestamp":"2026-08-04T09:35:17.036854Z","level":"INFO","fields":{"message":"Ingress HTTP listening"},"target":"restate_ingress_http::server","span":{"server.address":"::","server.port":8080,"server_name":"http-ingress-server","uds.path":"data/fff8cbf3538b/ingress.sock","name":"server"},"spans":[{"server.address":"::","server.port":8080,"server_name":"http-ingress-server","uds.path":"data/fff8cbf3538b/ingress.sock","name":"server"}]}
{"timestamp":"2026-08-04T09:35:17.037043Z","level":"INFO","fields":{"message":"Restate node roles [http-ingress | admin | worker | log-server | metadata-server] were started"},"target":"restate_node"}
{"timestamp":"2026-08-04T09:35:17.037076Z","level":"INFO","fields":{"message":"Failure Detector Started"},"target":"restate_node::failure_detector"}
{"timestamp":"2026-08-04T09:35:17.048929Z","level":"INFO","fields":{"message":"Admin API starting on: http://172.17.0.2:9070/"},"target":"restate_admin::service"}
{"timestamp":"2026-08-04T09:35:17.049028Z","level":"INFO","fields":{"message":"Server listening"},"target":"restate_core::network::net_util","span":{"server.address":"::","server.port":9070,"server_name":"admin-api-server","uds.path":"data/fff8cbf3538b/admin.sock","name":"server"},"spans":[{"server.address":"::","server.port":9070,"server_name":"admin-api-server","uds.path":"data/fff8cbf3538b/admin.sock","name":"server"}]}
{"timestamp":"2026-08-04T09:35:17.139007Z","level":"INFO","fields":{"message":"N1:2 transitioned from Dead to Alive (gossip-age=0)"},"target":"restate_node::failure_detector::node_state"}
{"timestamp":"2026-08-04T09:35:17.139167Z","level":"INFO","fields":{"message":"Cluster controller switching to leader mode"},"target":"restate_admin::cluster_controller::service::cluster_controller_state"}
{"timestamp":"2026-08-04T09:35:17.393339Z","level":"INFO","fields":{"message":"Partition 0 started"},"target":"restate_worker::partition","span":{"partition_id":"0","name":"run"},"spans":[{"partition_id":"0","name":"run"}]}
{"timestamp":"2026-08-04T09:35:17.395459Z","level":"INFO","fields":{"message":"Partition 3 started"},"target":"restate_worker::partition","span":{"partition_id":"3","name":"run"},"spans":[{"partition_id":"3","name":"run"}]}
{"timestamp":"2026-08-04T09:35:17.395573Z","level":"INFO","fields":{"message":"Partition 2 started"},"target":"restate_worker::partition","span":{"partition_id":"2","name":"run"},"spans":[{"partition_id":"2","name":"run"}]}
{"timestamp":"2026-08-04T09:35:17.395514Z","level":"INFO","fields":{"message":"Partition 1 started"},"target":"restate_worker::partition","span":{"partition_id":"1","name":"run"},"spans":[{"partition_id":"1","name":"run"}]}
{"timestamp":"2026-08-04T09:35:17.432956Z","level":"INFO","fields":{"message":"Partition 4 started"},"target":"restate_worker::partition","span":{"partition_id":"4","name":"run"},"spans":[{"partition_id":"4","name":"run"}]}
{"timestamp":"2026-08-04T09:35:17.433054Z","level":"INFO","fields":{"message":"Partition 5 started"},"target":"restate_worker::partition","span":{"partition_id":"5","name":"run"},"spans":[{"partition_id":"5","name":"run"}]}
{"timestamp":"2026-08-04T09:35:17.448146Z","level":"INFO","fields":{"message":"Partition 6 started"},"target":"restate_worker::partition","span":{"partition_id":"6","name":"run"},"spans":[{"partition_id":"6","name":"run"}]}
{"timestamp":"2026-08-04T09:35:17.474215Z","level":"INFO","fields":{"message":"Partition 7 started"},"target":"restate_worker::partition","span":{"partition_id":"7","name":"run"},"spans":[{"partition_id":"7","name":"run"}]}
{"timestamp":"2026-08-04T09:35:17.490471Z","level":"INFO","fields":{"message":"Partition 8 started"},"target":"restate_worker::partition","span":{"partition_id":"8","name":"run"},"spans":[{"partition_id":"8","name":"run"}]}
{"timestamp":"2026-08-04T09:35:17.510643Z","level":"INFO","fields":{"message":"Partition 9 started"},"target":"restate_worker::partition","span":{"partition_id":"9","name":"run"},"spans":[{"partition_id":"9","name":"run"}]}
{"timestamp":"2026-08-04T09:35:17.577718Z","level":"INFO","fields":{"message":"Partition 10 started"},"target":"restate_worker::partition","span":{"partition_id":"10","name":"run"},"spans":[{"partition_id":"10","name":"run"}]}
{"timestamp":"2026-08-04T09:35:17.646110Z","level":"INFO","fields":{"message":"Partition 11 started"},"target":"restate_worker::partition","span":{"partition_id":"11","name":"run"},"spans":[{"partition_id":"11","name":"run"}]}
{"timestamp":"2026-08-04T09:35:17.665231Z","level":"INFO","fields":{"message":"Partition 12 started"},"target":"restate_worker::partition","span":{"partition_id":"12","name":"run"},"spans":[{"partition_id":"12","name":"run"}]}
{"timestamp":"2026-08-04T09:35:17.689185Z","level":"INFO","fields":{"message":"Partition 13 started"},"target":"restate_worker::partition","span":{"partition_id":"13","name":"run"},"spans":[{"partition_id":"13","name":"run"}]}
{"timestamp":"2026-08-04T09:35:17.727378Z","level":"INFO","fields":{"message":"Partition 14 started"},"target":"restate_worker::partition","span":{"partition_id":"14","name":"run"},"spans":[{"partition_id":"14","name":"run"}]}
{"timestamp":"2026-08-04T09:35:17.798526Z","level":"INFO","fields":{"message":"Partition 15 started"},"target":"restate_worker::partition","span":{"partition_id":"15","name":"run"},"spans":[{"partition_id":"15","name":"run"}]}
{"timestamp":"2026-08-04T09:35:17.816960Z","level":"INFO","fields":{"message":"Partition 16 started"},"target":"restate_worker::partition","span":{"partition_id":"16","name":"run"},"spans":[{"partition_id":"16","name":"run"}]}
{"timestamp":"2026-08-04T09:35:17.872358Z","level":"INFO","fields":{"message":"Partition 17 started"},"target":"restate_worker::partition","span":{"partition_id":"17","name":"run"},"spans":[{"partition_id":"17","name":"run"}]}
{"timestamp":"2026-08-04T09:35:17.892891Z","level":"INFO","fields":{"message":"Partition 18 started"},"target":"restate_worker::partition","span":{"partition_id":"18","name":"run"},"spans":[{"partition_id":"18","name":"run"}]}
{"timestamp":"2026-08-04T09:35:17.918973Z","level":"INFO","fields":{"message":"Partition 19 started"},"target":"restate_worker::partition","span":{"partition_id":"19","name":"run"},"spans":[{"partition_id":"19","name":"run"}]}
{"timestamp":"2026-08-04T09:35:17.939570Z","level":"INFO","fields":{"message":"Partition 20 started"},"target":"restate_worker::partition","span":{"partition_id":"20","name":"run"},"spans":[{"partition_id":"20","name":"run"}]}
{"timestamp":"2026-08-04T09:35:17.964704Z","level":"INFO","fields":{"message":"Partition 21 started"},"target":"restate_worker::partition","span":{"partition_id":"21","name":"run"},"spans":[{"partition_id":"21","name":"run"}]}
{"timestamp":"2026-08-04T09:35:18.046601Z","level":"INFO","fields":{"message":"Partition 22 started"},"target":"restate_worker::partition","span":{"partition_id":"22","name":"run"},"spans":[{"partition_id":"22","name":"run"}]}
{"timestamp":"2026-08-04T09:35:18.078955Z","level":"INFO","fields":{"message":"Partition 23 started"},"target":"restate_worker::partition","span":{"partition_id":"23","name":"run"},"spans":[{"partition_id":"23","name":"run"}]}
