[Migration Verification Script Execution]
Timestamp: 2026-08-03T18:47:40.531Z
Legacy Repo Root: F:\nexus-p0-controlled-bootstrap
Reform Lab Root: F:\nexus-reform-lab
Manifest Entry Count: 31
--------------------------------------------------------------------------------
[Item 1/31] research/sources/local-world-full-census.md -> research/legacy-evidence/local-world/local-world-full-census.md | Source SHA: 9b2818a68824b9121cd6b6afa460e57d43078189f34bcd124dfe11e118263749 | Record SHA: 9b2818a68824b9121cd6b6afa460e57d43078189f34bcd124dfe11e118263749 | Status: VERIFIED-MATCH
[Item 2/31] research/sources/local-world-seed-inventory.md -> research/legacy-evidence/local-world/local-world-seed-inventory.md | Source SHA: 9560a2ee91df9f2dfc160d2276580db1b241348f8bfc204b9fe76dd1105a80dc | Record SHA: 9560a2ee91df9f2dfc160d2276580db1b241348f8bfc204b9fe76dd1105a80dc | Status: VERIFIED-MATCH
[Item 3/31] research/sources/local-world-openclaw-evidence.md -> research/legacy-evidence/local-world/local-world-openclaw-evidence.md | Source SHA: 8bb30d012801cb3926dcaf04f6a10d46acfa794ef58f951a31740c074761f507 | Record SHA: 8bb30d012801cb3926dcaf04f6a10d46acfa794ef58f951a31740c074761f507 | Status: VERIFIED-MATCH
[Item 4/31] research/sources/local-world-raw/full-census/disk_census_manifest.txt -> research/legacy-evidence/local-world/raw/full-census/disk_census_manifest.txt | Source SHA: 94f84100b5dca98b13d32d7dfecef877ebdc89a11306b71ee4b5dc9e937515b5 | Record SHA: 94f84100b5dca98b13d32d7dfecef877ebdc89a11306b71ee4b5dc9e937515b5 | Status: VERIFIED-MATCH
[Item 5/31] research/sources/local-world-raw/autonomy-reconciliation/sandbox_runs_manifest.txt -> research/legacy-evidence/local-world/raw/autonomy-reconciliation/sandbox_runs_manifest.txt | Source SHA: c793e0e22e238e69aa667985a395fd6e77d2411b3a29dcd3578ecb0be6eb7000 | Record SHA: c793e0e22e238e69aa667985a395fd6e77d2411b3a29dcd3578ecb0be6eb7000 | Status: VERIFIED-MATCH
[Item 6/31] research/sources/local-world-raw/pilot_run_trace_summary.txt -> research/legacy-evidence/local-world/raw/pilot_run_trace_summary.txt | Source SHA: 39d51c4b674d27fc510911bc4e0cbb0fbc95f8d774735f57d7bdd1235f039660 | Record SHA: 39d51c4b674d27fc510911bc4e0cbb0fbc95f8d774735f57d7bdd1235f039660 | Status: VERIFIED-MATCH
[Item 7/31] research/findings/local-world-evolution-lineage.md -> research/legacy-evidence/local-world/local-world-evolution-lineage.md | Source SHA: 4b65d62328c2cc5bd60f169c0c123feed0123bd45dadac7d8083840966150bb0 | Record SHA: 4b65d62328c2cc5bd60f169c0c123feed0123bd45dadac7d8083840966150bb0 | Status: VERIFIED-MATCH
[Item 8/31] research/findings/local-world-seed-comparison.md -> research/legacy-evidence/local-world/local-world-seed-comparison.md | Source SHA: 1293bb8e2d0182afe83adcdda44e135d4c66f932336acbdf3c699a46604eccc7 | Record SHA: 1293bb8e2d0182afe83adcdda44e135d4c66f932336acbdf3c699a46604eccc7 | Status: VERIFIED-MATCH
[Item 9/31] research/findings/local-world-autonomy-boundary.md -> research/legacy-evidence/local-world/local-world-autonomy-boundary.md | Source SHA: 7494654a3e005b9b2c0418b497c52bd4e7d6d4becb1502e96543cfcde8114a58 | Record SHA: 7494654a3e005b9b2c0418b497c52bd4e7d6d4becb1502e96543cfcde8114a58 | Status: VERIFIED-MATCH
[Item 10/31] research/findings/local-world-autonomous-growth.md -> research/legacy-evidence/local-world/local-world-autonomous-growth.md | Source SHA: bb7f0361ed32f4460e8866fedda881bdea8b2dda92a3513602aadedb6f224ee9 | Record SHA: bb7f0361ed32f4460e8866fedda881bdea8b2dda92a3513602aadedb6f224ee9 | Status: VERIFIED-MATCH
[Item 11/31] research/synthesis/local-world-project-current-understanding.md -> research/legacy-evidence/local-world/local-world-project-current-understanding.md | Source SHA: 9e9548938afffd6bd6b6878c64c15bd8593c71070731dee4bb1c6a8110058376 | Record SHA: 9e9548938afffd6bd6b6878c64c15bd8593c71070731dee4bb1c6a8110058376 | Status: VERIFIED-MATCH
[Item 12/31] research/audit/local-world-census-completeness.md -> research/legacy-evidence/local-world/local-world-census-completeness.md | Source SHA: 085bee17ae04feff7cdaa37b97f3cf3a750e992b861cb8c5bb92baa4da63ab46 | Record SHA: 085bee17ae04feff7cdaa37b97f3cf3a750e992b861cb8c5bb92baa4da63ab46 | Status: VERIFIED-MATCH
[Item 13/31] research/audit/local-world-safety-stop-status.md -> research/legacy-evidence/local-world/local-world-safety-stop-status.md | Source SHA: 9dec9290323f10a4177ee731595edce408e0dbf1384ca62669a4a36ec1e57468 | Record SHA: 9dec9290323f10a4177ee731595edce408e0dbf1384ca62669a4a36ec1e57468 | Status: VERIFIED-MATCH
[Item 14/31] research/findings/prior-art-probe-comparison.md -> research/legacy-evidence/wheel-probes/prior-art-probe-comparison.md | Source SHA: b6171a5657f09cd4c4836cbb26022d59f63addec9c2bc5e38c113289907808e2 | Record SHA: b6171a5657f09cd4c4836cbb26022d59f63addec9c2bc5e38c113289907808e2 | Status: VERIFIED-MATCH
[Item 15/31] research/audit/prior-art-probe-evidence-status.md -> research/legacy-evidence/wheel-probes/prior-art-probe-evidence-status.md | Source SHA: 7d9f9ca7f7c7ad6a4b8546214b8be4ba347a06b88f9d8f5ab1cbf3c30e469551 | Record SHA: 7d9f9ca7f7c7ad6a4b8546214b8be4ba347a06b88f9d8f5ab1cbf3c30e469551 | Status: VERIFIED-MATCH
[Item 16/31] probes/beads/package.json -> research/legacy-evidence/wheel-probes/beads/package.json | Source SHA: a56e1815b8ef1c6d94547df07182ae69bef6ab7770d3a5c1462d4cec621ed1cd | Record SHA: a56e1815b8ef1c6d94547df07182ae69bef6ab7770d3a5c1462d4cec621ed1cd | Status: VERIFIED-MATCH
[Item 17/31] probes/go-workflows/go.mod -> research/legacy-evidence/wheel-probes/go-workflows/go.mod | Source SHA: 5ec733e3847f9ba0c058fd4886255a94130a466f4e9ef04c19835f26421c3a3e | Record SHA: 5ec733e3847f9ba0c058fd4886255a94130a466f4e9ef04c19835f26421c3a3e | Status: VERIFIED-MATCH
[Item 18/31] probes/restate/package.json -> research/legacy-evidence/wheel-probes/restate/package.json | Source SHA: f32dcb69aff856decffa406d50e6652f1469c000327f192b64d6dcc2f9ede160 | Record SHA: f32dcb69aff856decffa406d50e6652f1469c000327f192b64d6dcc2f9ede160 | Status: VERIFIED-MATCH
[Item 19/31] probes/shared_fixture.json -> research/legacy-evidence/wheel-probes/shared_fixture.json | Source SHA: 4e5cae27787c3127a0296f7fb645732927420a2c1a078f9a39b7c70f1effe3be | Record SHA: 4e5cae27787c3127a0296f7fb645732927420a2c1a078f9a39b7c70f1effe3be | Status: VERIFIED-MATCH
[Item 20/31] experiments/slice-0/CORRECTION_NOTE.md -> research/legacy-evidence/failed-slice-0/CORRECTION_NOTE.md | Source SHA: 27f022ccc04e6d622c7595ec494b092447c708cd1e53c609e086d15284daa5be | Record SHA: 27f022ccc04e6d622c7595ec494b092447c708cd1e53c609e086d15284daa5be | Status: VERIFIED-MATCH
[Item 21/31] experiments/slice-0/audit/EVALUATION.md -> research/legacy-evidence/failed-slice-0/EVALUATION.md | Source SHA: 6dad1d65db65129450b6eb58796e16f1af005d4a97bb742d6eb74a0d07e1f60f | Record SHA: 6dad1d65db65129450b6eb58796e16f1af005d4a97bb742d6eb74a0d07e1f60f | Status: VERIFIED-MATCH
[Item 22/31] experiments/slice-0/logs/beads/beads_execution.log -> research/legacy-evidence/failed-slice-0/beads_execution.log | Source SHA: 18f3b3228e73b0b2ea66e9f8301c6e61621ab427f8855aa1b28f09eb8f604353 | Record SHA: 18f3b3228e73b0b2ea66e9f8301c6e61621ab427f8855aa1b28f09eb8f604353 | Status: VERIFIED-MATCH
[Item 23/31] experiments/slice-0/logs/beads/issue_graph.json -> research/legacy-evidence/failed-slice-0/issue_graph.json | Source SHA: 8eb0bea59285e6b37d60d7e84d4f67025016b1e2ae6c95487321fb6975c86b60 | Record SHA: 8eb0bea59285e6b37d60d7e84d4f67025016b1e2ae6c95487321fb6975c86b60 | Status: VERIFIED-MATCH
[Item 24/31] experiments/slice-0/s0/S0_REPORT.md -> research/legacy-evidence/failed-slice-0/S0_REPORT.md | Source SHA: cc0a7da6131f6cb07971ef414512d9da95f2b183c0f68b2951e783b6d499b107 | Record SHA: cc0a7da6131f6cb07971ef414512d9da95f2b183c0f68b2951e783b6d499b107 | Status: VERIFIED-MATCH
[Item 25/31] experiments/slice-0/s1/compiler.js -> research/legacy-evidence/failed-slice-0/compiler.js | Source SHA: 1eae30d10cba534aebb8d0bc5a1d3e3f33057ae1b9dca0ae90e216e2bf307203 | Record SHA: 1eae30d10cba534aebb8d0bc5a1d3e3f33057ae1b9dca0ae90e216e2bf307203 | Status: VERIFIED-MATCH
[Item 26/31] experiments/slice-0/s1/real_parser.js -> research/legacy-evidence/failed-slice-0/real_parser.js | Source SHA: fa20349d88723ec5626ae326d199d7d7b1b39062a6da3f023d9fece310c7c56a | Record SHA: fa20349d88723ec5626ae326d199d7d7b1b39062a6da3f023d9fece310c7c56a | Status: VERIFIED-MATCH
[Item 27/31] experiments/slice-0/s1/generic_section_parser.js -> research/legacy-evidence/failed-slice-0/generic_section_parser.js | Source SHA: 642b4af59485d8a9822754c18a1e547b47d9ca8688696e2aac73f37fd8a76102 | Record SHA: 642b4af59485d8a9822754c18a1e547b47d9ca8688696e2aac73f37fd8a76102 | Status: VERIFIED-MATCH
[Item 28/31] experiments/slice-0/s1/world/CURRENT_STATE.md -> research/legacy-evidence/failed-slice-0/CURRENT_STATE.md | Source SHA: 32d333a2453a9aa1e0e33b9ea69b4747be511108d63cb14e77c887cd5a45a46c | Record SHA: 32d333a2453a9aa1e0e33b9ea69b4747be511108d63cb14e77c887cd5a45a46c | Status: VERIFIED-MATCH
[Item 29/31] experiments/slice-0/runs/beads-clean-001/operator/command-log.jsonl -> research/legacy-evidence/failed-slice-0/beads-clean-001/command-log.jsonl | Source SHA: fa09d4ff7d0fade82e7eeb18e9883e81c4cdbc0e50c7063bab23faba5638b933 | Record SHA: fa09d4ff7d0fade82e7eeb18e9883e81c4cdbc0e50c7063bab23faba5638b933 | Status: VERIFIED-MATCH
[Item 30/31] experiments/slice-0/runs/beads-clean-001/operator/issue-graph-final.json -> research/legacy-evidence/failed-slice-0/beads-clean-001/issue-graph-final.json | Source SHA: 5a738e37de296db977dda100dd202515d8f6c5a83adbb180d6d1b80f0d79c718 | Record SHA: 5a738e37de296db977dda100dd202515d8f6c5a83adbb180d6d1b80f0d79c718 | Status: VERIFIED-MATCH
[Item 31/31] experiments/slice-0/runs/beads-clean-001/world/WORK_STATE.md -> research/legacy-evidence/failed-slice-0/beads-clean-001/WORK_STATE.md | Source SHA: 8f7511b608871a55145ebdc7cdf98412809cdeb9d0d362fe19a44edf2ba66cf2 | Record SHA: 8f7511b608871a55145ebdc7cdf98412809cdeb9d0d362fe19a44edf2ba66cf2 | Status: VERIFIED-MATCH
--------------------------------------------------------------------------------
Verification Summary: Total Ingested = 31, Passed = 31, Failed = 0
Script Exit Code: 0