================================================================================
FAIL-CLOSED VERIFIER & STATE CONSISTENCY ENGINE LOG
Timestamp: 2026-08-03T19:30:55.319Z
Target Repository Root: F:\nexus-reform-lab
Git Resolution Root: F:\nexus-reform-lab
================================================================================
[Check 1] CURRENT_VERDICT.md Exact Subject Uniqueness & Verdict Parsing...
  Subject [State Consistency]: Matching Rows Count = 1
  PASS: Subject [State Consistency] verified (PARTIAL — state sources align and major verifier rules exist, but fail-closed behavior is awaiting negative-fixture proof.).
  Subject [Repository-wide Persistent Artifact World]: Matching Rows Count = 1
  PASS: Subject [Repository-wide Persistent Artifact World] verified (NOT YET AUDITED).
  Subject [Cold-Start Recoverability]: Matching Rows Count = 1
  PASS: Subject [Cold-Start Recoverability] verified (NOT YET TESTED).
  Subject [CR-S0 Authorization]: Matching Rows Count = 1
  PASS: Subject [CR-S0 Authorization] verified (WITHHELD).

[Check 2] Dynamic Git parent lineage verification from SESSION_LOG.md...
  Milestone: 0.1: Clean-Room Laboratory Bootstrap & Manifest Repair
    Resulting Commit (40-char): a78709e9bf07c14d46276d60da978bfedaf2f5c4
    Recorded Based-on (40-char): 30f73ae08804efb890f3e7721e7f629cc8166f8d
    Actual Git Parent (~1): 30f73ae08804efb890f3e7721e7f629cc8166f8d
    Strict 40-Char Equality: YES
  PASS: Strict 40-char parent SHA equality verified.
  Milestone: 0.2: Doctrine & Research Migration Repair 0.2.1
    Resulting Commit (40-char): 57b5aa59ef0b0285f051de3ce18980bac02cc91e
    Recorded Based-on (40-char): dd88a3e3e16cab36e1819af99e18a4a486f45ee1
    Actual Git Parent (~1): dd88a3e3e16cab36e1819af99e18a4a486f45ee1
    Strict 40-Char Equality: YES
  PASS: Strict 40-char parent SHA equality verified.
  Milestone: 0.2.2: Migration Verification Fix 0.2.2
    Resulting Commit (40-char): 4e7fe457bb25eb5e9d13a8f01f16edb55714e6d5
    Recorded Based-on (40-char): 57b5aa59ef0b0285f051de3ce18980bac02cc91e
    Actual Git Parent (~1): 57b5aa59ef0b0285f051de3ce18980bac02cc91e
    Strict 40-Char Equality: YES
  PASS: Strict 40-char parent SHA equality verified.
  Milestone: 0.3: Persistent Memory Structure Build & Re-entry Foundation 0.3
    Resulting Commit (40-char): 10928fd0284721538aec9b7bd4575f24ed8232cf
    Recorded Based-on (40-char): c054f1a63531bce20f227a391e7572f9709b3ec2
    Actual Git Parent (~1): c054f1a63531bce20f227a391e7572f9709b3ec2
    Strict 40-Char Equality: YES
  PASS: Strict 40-char parent SHA equality verified.
  Milestone: 0.3.1 / 0.3.1a: Foundation 0.3.1 Memory Consistency & State Closure
    Resulting Commit (40-char): f0027bcd5d0600b753a9b91b730fa9a46870b261
    Recorded Based-on (40-char): 61ba6736d3e02f1b2e7b6a5e9f4d83ed3ce1cf34
    Actual Git Parent (~1): 61ba6736d3e02f1b2e7b6a5e9f4d83ed3ce1cf34
    Strict 40-Char Equality: YES
  PASS: Strict 40-char parent SHA equality verified.
  Milestone: 0.3.2: Persistent Memory State Model Repair
    Resulting Commit (40-char): fc209ffd4d7a6046ab75532f2a9c61fd41255ee6
    Recorded Based-on (40-char): f0027bcd5d0600b753a9b91b730fa9a46870b261
    Actual Git Parent (~1): f0027bcd5d0600b753a9b91b730fa9a46870b261
    Strict 40-Char Equality: YES
  PASS: Strict 40-char parent SHA equality verified.
  Milestone: 0.3.2a: Lineage Integrity Fix 0.3.2a
    Resulting Commit (40-char): 03a98d7bf6787f44fa823a18cbf165ceb5aee307
    Recorded Based-on (40-char): fc209ffd4d7a6046ab75532f2a9c61fd41255ee6
    Actual Git Parent (~1): fc209ffd4d7a6046ab75532f2a9c61fd41255ee6
    Strict 40-Char Equality: YES
  PASS: Strict 40-char parent SHA equality verified.
  Milestone: 0.3.2b: External Verdict History & Lineage Verification Repair 0.3.2b
    Resulting Commit (40-char): 5ac021c9ae3a362243a2f442316310ff0b065e27
    Recorded Based-on (40-char): 03a98d7bf6787f44fa823a18cbf165ceb5aee307
    Actual Git Parent (~1): 03a98d7bf6787f44fa823a18cbf165ceb5aee307
    Strict 40-Char Equality: YES
  PASS: Strict 40-char parent SHA equality verified.
  Milestone: 0.3.2c: Strict SHA & External Verdict Accuracy Repair 0.3.2c
    Resulting Commit (40-char): 8ddabe908e62d748081b587f6fa55a6c87e6db91
    Recorded Based-on (40-char): 5ac021c9ae3a362243a2f442316310ff0b065e27
    Actual Git Parent (~1): 5ac021c9ae3a362243a2f442316310ff0b065e27
    Strict 40-Char Equality: YES
  PASS: Strict 40-char parent SHA equality verified.
  Milestone: 0.3.2d: Current-State Closure & Verdict-Register Hardening 0.3.2d
    Resulting Commit (40-char): 295d743d79f391034e98b6565a33b63e1353fb24
    Recorded Based-on (40-char): 8ddabe908e62d748081b587f6fa55a6c87e6db91
    Actual Git Parent (~1): 8ddabe908e62d748081b587f6fa55a6c87e6db91
    Strict 40-Char Equality: YES
  PASS: Strict 40-char parent SHA equality verified.
  Milestone: 0.3.2e: Verdict Verifier Regression Repair 0.3.2e
    Resulting Commit (40-char): 31fda2f54a2346e791e63352a236824db9f17ae5
    Recorded Based-on (40-char): 295d743d79f391034e98b6565a33b63e1353fb24
    Actual Git Parent (~1): 295d743d79f391034e98b6565a33b63e1353fb24
    Strict 40-Char Equality: YES
  PASS: Strict 40-char parent SHA equality verified.

[Check 3] EXTERNAL_VERDICT_HISTORY.md Table Header & Schema Integrity...
  PASS: Table header structure and 9-column layout verified.
--- Milestone Schema Check: Clean-Room Bootstrap ---
  Reviewed Commit: a78709e9bf07c14d46276d60da978bfedaf2f5c4
  Outside Verdict: CONFIRMED
--- Milestone Schema Check: Doctrine Repair 0.2.1 ---
  Reviewed Commit: 57b5aa59ef0b0285f051de3ce18980bac02cc91e
  Outside Verdict: PARTIAL PASS
  PASS: Doctrine Repair 0.2.1 specific verdict check passed (4 scopes confirmed).
--- Milestone Schema Check: Migration Verification Fix 0.2.2 ---
  Reviewed Commit: 4e7fe457bb25eb5e9d13a8f01f16edb55714e6d5
  Outside Verdict: CONFIRMED
--- Milestone Schema Check: Foundation 0.3 ---
  Reviewed Commit: 10928fd0284721538aec9b7bd4575f24ed8232cf
  Outside Verdict: PARTIAL PASS
--- Milestone Schema Check: Foundation 0.3.1 ---
  Reviewed Commit: 61ba6736d3e02f1b2e7b6a5e9f4d83ed3ce1cf34
  Outside Verdict: PARTIAL PASS
--- Milestone Schema Check: Foundation 0.3.1a ---
  Reviewed Commit: f0027bcd5d0600b753a9b91b730fa9a46870b261
  Outside Verdict: REJECTED
--- Milestone Schema Check: Foundation 0.3.2 ---
  Reviewed Commit: fc209ffd4d7a6046ab75532f2a9c61fd41255ee6
  Outside Verdict: PARTIAL PASS
--- Milestone Schema Check: Foundation 0.3.2a ---
  Reviewed Commit: 03a98d7bf6787f44fa823a18cbf165ceb5aee307
  Outside Verdict: REJECTED
  PASS: Foundation 0.3.2a specific verdict check passed.
--- Milestone Schema Check: Foundation 0.3.2b ---
  Reviewed Commit: 5ac021c9ae3a362243a2f442316310ff0b065e27
  Outside Verdict: PARTIAL PASS
--- Milestone Schema Check: Foundation 0.3.2c ---
  Reviewed Commit: 8ddabe908e62d748081b587f6fa55a6c87e6db91
  Outside Verdict: CONFIRMED FOR REVIEWED SCOPE
  NOTE: Fully accepted refers only to the bounded milestone repair, not to the unreviewed repository-wide World or cold-start capability.
--- Milestone Schema Check: Foundation 0.3.2d ---
  Reviewed Commit: 295d743d79f391034e98b6565a33b63e1353fb24
  Outside Verdict: PARTIAL PASS
--- Milestone Schema Check: Foundation 0.3.2e ---
  Reviewed Commit: 31fda2f54a2346e791e63352a236824db9f17ae5
  Outside Verdict: PARTIAL PASS
--- Milestone Schema Check: Foundation 0.3.2f ---
  Reviewed Commit: RESOLVE_FROM_GIT
  Outside Verdict: UNDER OUTSIDE REVIEW
  PASS: Active UNDER OUTSIDE REVIEW entry correctly isolated to Foundation 0.3.2f.

[Check 4] CURRENT_PHASE.md Alignment...
  PASS: CURRENT_PHASE.md correctly set to Foundation 0.3.2f.

[Check 5] NEXT_ACTION.md Blockquote Parsing & Strict Text Verification...
  Parsed Blockquote Action Text: "Submit Foundation 0.3.2f fail-closed verifier and negative-fixture proof for outside review. Do not run the repository-wide World audit, cold-start test, or CR-S0 yet."
  PASS: NEXT_ACTION.md single authorized action text strictly verified.
================================================================================
Verification Summary:
  Target Repository Root: F:\nexus-reform-lab
  Git Resolution Root: F:\nexus-reform-lab
  Verified History Entries Count: 13
  Active UNDER OUTSIDE REVIEW Milestone: Foundation 0.3.2f
  Total Failures: 0
  Script Exit Code: 0
================================================================================