.gitignore
AGENTS.md
CHARTER.md
INVARIANTS.md
MEMORY_MAP.md
REVOLUTION.md
WAKE.md
external-artifacts/drive-manifest.json
fixtures/legacy-nexus/slice-0-fixture/FIXTURE_METADATA.md
fixtures/legacy-nexus/slice-0-fixture/L-0658.query.md
fixtures/legacy-nexus/slice-0-fixture/L-0658.result.md
fixtures/legacy-nexus/slice-0-fixture/L-0660.query.md
fixtures/legacy-nexus/slice-0-fixture/L-0660.result.md
fixtures/legacy-nexus/slice-0-fixture/L-0662.query.md
fixtures/legacy-nexus/slice-0-fixture/L-0662.result.md
fixtures/legacy-nexus/slice-0-fixture/L-0666.query.md
fixtures/legacy-nexus/slice-0-fixture/L-0666.result.md
fixtures/legacy-nexus/slice-0-fixture/L-0667.query.md
fixtures/legacy-nexus/slice-0-fixture/L-0667.result.md
fixtures/legacy-nexus/slice-0-fixture/L-0669.query.md
fixtures/legacy-nexus/slice-0-fixture/L-0669.result.md
fixtures/legacy-nexus/slice-0-fixture/L-0674.query.md
fixtures/legacy-nexus/slice-0-fixture/L-0674.result.md
fixtures/legacy-nexus/slice-0-fixture/L-0680.query.md
fixtures/legacy-nexus/slice-0-fixture/L-0680.result.md
fixtures/legacy-nexus/slice-0-fixture/L-0759.query.md
fixtures/legacy-nexus/slice-0-fixture/L-0759.result.md
fixtures/legacy-nexus/slice-0-fixture/L-0767.query.md
fixtures/legacy-nexus/slice-0-fixture/L-0767.result.md
fixtures/legacy-nexus/slice-0-fixture/L-0768.query.md
fixtures/legacy-nexus/slice-0-fixture/L-0768.result.md
handoff/HELLO.md
handoff/SESSION_LOG.md
research/audit/COLD_START_RECOVERY_TEST.md
research/audit/MIGRATION_GAP_AUDIT.md
research/audit/PERSISTENT_MEMORY_STRUCTURE_AUDIT.md
research/audit/REMOTE_FIRST_AUDIT_METHOD.md
research/audit/clean-room-bootstrap-verification.md
research/audit/framework-verification-status.md
research/examinations/FOUR_LAYER_ONE_WORLD_COMPREHENSION_EXAM.md
research/examinations/FOUR_LAYER_ONE_WORLD_SOURCE_REGISTER.json
research/examinations/evidence/local/beads_clean_001_command_log.jsonl
research/examinations/evidence/local/beads_clean_001_issue_graph.json
research/examinations/evidence/local/disk_census_manifest.txt
research/examinations/evidence/local/pilot_run_trace_summary.txt
research/examinations/evidence/local/sandbox_runs_manifest.txt
research/examinations/evidence/public/grasse_1959_stigmergy.txt
research/examinations/evidence/public/karpathy_autoresearch_readme.md
research/examinations/evidence/public/karpathy_llm_wiki_gist.txt
research/examinations/evidence/public/karpathy_software_2_0.txt
research/examinations/evidence/public/karpathy_software_3_0.txt
research/examinations/evidence/public/theraulaz_1999_stigmergy.txt
research/examinations/evidence/synthesis/local_world_autonomy_boundary.md
research/examinations/evidence/synthesis/local_world_evolution_lineage.md
research/examinations/evidence/synthesis/slice_0_evaluation.md
research/examinations/logs/source_hashes.txt
research/examinations/logs/source_register_verification.log
research/examinations/verify_source_register.js
research/findings/prior-art-audit-findings.md
research/findings/slice-0-correction-note.md
research/legacy-evidence/failed-slice-0/CORRECTION_NOTE.md
research/legacy-evidence/failed-slice-0/CURRENT_STATE.md
research/legacy-evidence/failed-slice-0/EVALUATION.md
research/legacy-evidence/failed-slice-0/S0_REPORT.md
research/legacy-evidence/failed-slice-0/beads-clean-001/WORK_STATE.md
research/legacy-evidence/failed-slice-0/beads-clean-001/command-log.jsonl
research/legacy-evidence/failed-slice-0/beads-clean-001/issue-graph-final.json
research/legacy-evidence/failed-slice-0/beads_execution.log
research/legacy-evidence/failed-slice-0/compiler.js
research/legacy-evidence/failed-slice-0/generic_section_parser.js
research/legacy-evidence/failed-slice-0/issue_graph.json
research/legacy-evidence/failed-slice-0/real_parser.js
research/legacy-evidence/local-world/local-world-autonomous-growth.md
research/legacy-evidence/local-world/local-world-autonomy-boundary.md
research/legacy-evidence/local-world/local-world-census-completeness.md
research/legacy-evidence/local-world/local-world-evolution-lineage.md
research/legacy-evidence/local-world/local-world-full-census.md
research/legacy-evidence/local-world/local-world-openclaw-evidence.md
research/legacy-evidence/local-world/local-world-project-current-understanding.md
research/legacy-evidence/local-world/local-world-safety-stop-status.md
research/legacy-evidence/local-world/local-world-seed-comparison.md
research/legacy-evidence/local-world/local-world-seed-inventory.md
research/legacy-evidence/local-world/raw/autonomy-reconciliation/sandbox_runs_manifest.txt
research/legacy-evidence/local-world/raw/full-census/disk_census_manifest.txt
research/legacy-evidence/local-world/raw/pilot_run_trace_summary.txt
research/legacy-evidence/wheel-probes/beads/package.json
research/legacy-evidence/wheel-probes/go-workflows/go.mod
research/legacy-evidence/wheel-probes/prior-art-probe-comparison.md
research/legacy-evidence/wheel-probes/prior-art-probe-evidence-status.md
research/legacy-evidence/wheel-probes/restate/package.json
research/legacy-evidence/wheel-probes/shared_fixture.json
research/migration/MIGRATION_MANIFEST.json
research/migration/logs/hash_comparison.txt
research/migration/logs/migration_verification_raw.log
research/migration/verify_migration.js
research/synthesis/FIVE_POINT_FRAMEWORK.md
research/synthesis/LLM_WIKI_CURRENT_KNOWLEDGE_SYSTEM.md
research/synthesis/four-layer-one-world-framework.md
state/CURRENT_PHASE.md
state/CURRENT_VERDICT.md
state/EXTERNAL_VERDICT_HISTORY.md
state/NEXT_ACTION.md
state/OPEN_QUESTIONS.md
state/STATE_MODEL.md
state/logs/state_consistency_negative_tests.log
state/logs/state_consistency_verification.log
state/tests/verify_state_consistency_negative_tests.js
state/verify_state_consistency.js
