2026-08-04T09:38:33.744Z SERVICE listening on 9080
2026-08-04T09:48:40.866Z RUN do-portion executed
2026-08-04T09:48:55.432Z RUN step-0 executed
2026-08-04T09:48:57.853Z RUN step-1 executed
2026-08-04T09:49:11.548Z RUN step-2 executed
2026-08-04T09:49:13.968Z RUN step-3 executed
2026-08-04T09:49:16.385Z RUN step-4 executed
2026-08-04T09:49:18.806Z RUN step-5 executed
2026-08-04T09:49:51.235Z RUN flaky-step executed attempt#0
2026-08-04T09:49:51.297Z RUN flaky-step executed attempt#1
2026-08-04T09:49:51.409Z RUN flaky-step executed attempt#2
2026-08-04T09:49:51.619Z RUN flaky-step executed attempt#3
2026-08-04T09:50:26.132Z RUN step-0 executed
2026-08-04T09:50:28.548Z RUN step-1 executed
2026-08-04T09:50:30.966Z RUN step-2 executed
2026-08-04T09:50:33.386Z RUN step-3 executed
2026-08-04T09:50:35.803Z RUN step-4 executed
2026-08-04T09:50:38.219Z RUN step-5 executed
2026-08-04T09:50:40.637Z RUN step-6 executed
2026-08-04T09:50:43.057Z RUN step-7 executed
2026-08-04T09:50:45.473Z RUN step-8 executed
2026-08-04T09:50:47.891Z RUN step-9 executed
2026-08-04T09:50:50.308Z RUN step-10 executed
2026-08-04T09:50:52.727Z RUN step-11 executed
2026-08-04T09:50:55.145Z RUN step-12 executed
2026-08-04T09:50:57.562Z RUN step-13 executed
2026-08-04T09:50:59.979Z RUN step-14 executed
2026-08-04T09:51:02.397Z RUN step-15 executed
2026-08-04T09:51:04.816Z RUN step-16 executed
2026-08-04T09:51:07.233Z RUN step-17 executed
2026-08-04T09:51:09.650Z RUN step-18 executed
2026-08-04T09:51:12.070Z RUN step-19 executed
2026-08-04T09:51:14.486Z RUN step-20 executed
2026-08-04T09:51:16.904Z RUN step-21 executed
2026-08-04T09:51:31.298Z HANDLER touchWorkspace invoked
2026-08-04T09:52:38.542Z RUN flaky-step executed attempt#0
2026-08-04T09:52:38.598Z RUN flaky-step executed attempt#1
2026-08-04T09:52:38.703Z RUN flaky-step executed attempt#2
2026-08-04T09:52:38.910Z RUN flaky-step executed attempt#3
